// Jest Snapshot v1, https://goo.gl/fbAQLP

exports[`<Masthead /> is a component that renders and matches its snapshot 1`] = `
.c0 {
  -webkit-align-items: center;
  -webkit-box-align: center;
  -ms-flex-align: center;
  align-items: center;
  display: -webkit-box;
  display: -webkit-flex;
  display: -ms-flexbox;
  display: flex;
  -webkit-box-pack: justify;
  -webkit-justify-content: space-between;
  -ms-flex-pack: justify;
  justify-content: space-between;
  padding-top: 1.5rem;
}

.c0 .logo {
  font-style: normal;
  font-weight: 700;
}

<div>
  <header
    class="container c0"
  >
    <strong
      class="logo"
    >
      <a
        href="/"
      >
        Simon Sinclair
      </a>
    </strong>
    <nav
      class="nav-bar"
    >
      <ul
        class="nav-list nav-list--inline"
      >
        <li>
          <a
            class=""
            href="/"
          >
            Home
          </a>
        </li>
      </ul>
    </nav>
  </header>
</div>
`;
