// Jest Snapshot v1, https://goo.gl/fbAQLP

exports[`<Footer /> is a component that renders and matches its snapshot 1`] = `
<div>
  <footer
    class="jsx-2302073797 container"
  >
    <p
      class="jsx-2302073797"
    >
      <small
        class="jsx-2302073797"
      >
        ©
         
        1988
         
        Simon Sinclair.
      </small>
    </p>
  </footer>
</div>
`;
