// Jest Snapshot v1, https://goo.gl/fbAQLP

exports[`<Footer /> Should match Snapshot 1`] = `
<DocumentFragment>
  <footer
    class="jsx-1920088712 container"
  >
    <p
      class="jsx-1920088712"
    >
      <small
        class="jsx-1920088712"
      >
        © 1988 Simon Sinclair.
      </small>
    </p>
  </footer>
</DocumentFragment>
`;
